// Jest Snapshot v1, https://goo.gl/fbAQLP

exports[`Test in useSearchItems should display the component correctly 1`] = `
<useSearchItems
  query="monitor curvo"
/>
`;
