// Jest Snapshot v1, https://goo.gl/fbAQLP

exports[`Test in <Home/> should display the component correctly 1`] = `<SearchBox />`;
